INFO:     Will watch for changes in these directories: ['E:\\Cloud Destinations\\Test Case Generation\\backend']
INFO:     Uvicorn running on http://127.0.0.1:8004 (Press CTRL+C to quit)
INFO:     Started reloader process [572] using WatchFiles
INFO:     Started server process [23268]
INFO:     Waiting for application startup.
INFO:     Application startup complete.
DOM discovery returned partial results url=https://demoqa.com/ pages_completed=42 remaining=0 reason=One or more discovered navigation states could not be processed.
WARNING:  WatchFiles detected changes in 'app\services\automation_service.py'. Reloading...
INFO:     Shutting down
INFO:     Waiting for application shutdown.
INFO:     Application shutdown complete.
INFO:     Finished server process [23268]
WARNING:  WatchFiles detected changes in 'tests\unit\test_automation_service.py'. Reloading...
INFO:     Started server process [4324]
INFO:     Waiting for application startup.
INFO:     Application startup complete.
ERROR:    Traceback (most recent call last):
  File "C:\Users\YogeshwarRameshKumar\AppData\Local\Python\pythoncore-3.12-64\Lib\asyncio\runners.py", line 118, in run
    return self._loop.run_until_complete(task)
           ^^^^^^^^^^^^^^^^^^^^^^^^^^^^^^^^^^^
  File "C:\Users\YogeshwarRameshKumar\AppData\Local\Python\pythoncore-3.12-64\Lib\asyncio\base_events.py", line 691, in run_until_complete
    return future.result()
           ^^^^^^^^^^^^^^^
asyncio.exceptions.CancelledError

During handling of the above exception, another exception occurred:

Traceback (most recent call last):
  File "C:\Users\YogeshwarRameshKumar\AppData\Local\Python\pythoncore-3.12-64\Lib\asyncio\runners.py", line 195, in run
    return runner.run(main)
           ^^^^^^^^^^^^^^^^
  File "C:\Users\YogeshwarRameshKumar\AppData\Local\Python\pythoncore-3.12-64\Lib\asyncio\runners.py", line 123, in run
    raise KeyboardInterrupt()
KeyboardInterrupt

During handling of the above exception, another exception occurred:

Traceback (most recent call last):
  File "E:\Cloud Destinations\Test Case Generation\.venv\Lib\site-packages\starlette\routing.py", line 699, in lifespan
    await receive()
  File "E:\Cloud Destinations\Test Case Generation\.venv\Lib\site-packages\uvicorn\lifespan\on.py", line 137, in receive
    return await self.receive_queue.get()
           ^^^^^^^^^^^^^^^^^^^^^^^^^^^^^^
  File "C:\Users\YogeshwarRameshKumar\AppData\Local\Python\pythoncore-3.12-64\Lib\asyncio\queues.py", line 158, in get
    await getter
asyncio.exceptions.CancelledError

INFO:     Started server process [15524]
INFO:     Waiting for application startup.
INFO:     Application startup complete.
WARNING:  WatchFiles detected changes in 'app\schemas\automation_schema.py'. Reloading...
INFO:     Shutting down
INFO:     Waiting for connections to close. (CTRL+C to force quit)
DOM discovery returned partial results url=https://demoqa.com/ pages_completed=42 remaining=0 reason=One or more discovered navigation states could not be processed.
INFO:     Waiting for application shutdown.
INFO:     Application shutdown complete.
INFO:     Finished server process [15524]
WARNING:  WatchFiles detected changes in 'app\api\v1\automation_router.py', 'app\services\automation_service.py', 'tests\unit\test_automation_service.py'. Reloading...
INFO:     Started server process [14504]
INFO:     Waiting for application startup.
INFO:     Application startup complete.
ERROR:    Traceback (most recent call last):
  File "C:\Users\YogeshwarRameshKumar\AppData\Local\Python\pythoncore-3.12-64\Lib\asyncio\runners.py", line 118, in run
    return self._loop.run_until_complete(task)
           ^^^^^^^^^^^^^^^^^^^^^^^^^^^^^^^^^^^
  File "C:\Users\YogeshwarRameshKumar\AppData\Local\Python\pythoncore-3.12-64\Lib\asyncio\base_events.py", line 691, in run_until_complete
    return future.result()
           ^^^^^^^^^^^^^^^
asyncio.exceptions.CancelledError

During handling of the above exception, another exception occurred:

Traceback (most recent call last):
  File "C:\Users\YogeshwarRameshKumar\AppData\Local\Python\pythoncore-3.12-64\Lib\asyncio\runners.py", line 195, in run
    return runner.run(main)
           ^^^^^^^^^^^^^^^^
  File "C:\Users\YogeshwarRameshKumar\AppData\Local\Python\pythoncore-3.12-64\Lib\asyncio\runners.py", line 123, in run
    raise KeyboardInterrupt()
KeyboardInterrupt

During handling of the above exception, another exception occurred:

Traceback (most recent call last):
  File "E:\Cloud Destinations\Test Case Generation\.venv\Lib\site-packages\starlette\routing.py", line 699, in lifespan
    await receive()
  File "E:\Cloud Destinations\Test Case Generation\.venv\Lib\site-packages\uvicorn\lifespan\on.py", line 137, in receive
    return await self.receive_queue.get()
           ^^^^^^^^^^^^^^^^^^^^^^^^^^^^^^
  File "C:\Users\YogeshwarRameshKumar\AppData\Local\Python\pythoncore-3.12-64\Lib\asyncio\queues.py", line 158, in get
    await getter
asyncio.exceptions.CancelledError

INFO:     Started server process [28140]
INFO:     Waiting for application startup.
INFO:     Application startup complete.
DOM discovery returned partial results url=https://demoqa.com/ pages_completed=32 remaining=8 reason=Crawl stopped by user.
DOM discovery returned partial results url=https://demoqa.com/ pages_completed=39 remaining=3 reason=Crawl stopped by user.
