INFO:     Will watch for changes in these directories: ['E:\\Cloud Destinations\\Test Case Generation\\backend']
INFO:     Uvicorn running on http://127.0.0.1:8003 (Press CTRL+C to quit)
INFO:     Started reloader process [24624] using WatchFiles
INFO:     Started server process [28068]
INFO:     Waiting for application startup.
INFO:     Application startup complete.
WARNING:  WatchFiles detected changes in 'app\services\automation_service.py'. Reloading...
INFO:     Shutting down
INFO:     Waiting for application shutdown.
INFO:     Application shutdown complete.
INFO:     Finished server process [28068]
INFO:     Started server process [23284]
INFO:     Waiting for application startup.
INFO:     Application startup complete.
WARNING:  WatchFiles detected changes in 'app\services\automation_service.py'. Reloading...
INFO:     Shutting down
INFO:     Waiting for application shutdown.
INFO:     Application shutdown complete.
INFO:     Finished server process [23284]
WARNING:  WatchFiles detected changes in 'tests\unit\test_automation_service.py'. Reloading...
INFO:     Started server process [21480]
INFO:     Waiting for application startup.
INFO:     Application startup complete.
ERROR:    Traceback (most recent call last):
  File "C:\Users\YogeshwarRameshKumar\AppData\Local\Python\pythoncore-3.12-64\Lib\asyncio\runners.py", line 118, in run
    return self._loop.run_until_complete(task)
           ^^^^^^^^^^^^^^^^^^^^^^^^^^^^^^^^^^^
  File "C:\Users\YogeshwarRameshKumar\AppData\Local\Python\pythoncore-3.12-64\Lib\asyncio\base_events.py", line 691, in run_until_complete
    return future.result()
           ^^^^^^^^^^^^^^^
asyncio.exceptions.CancelledError

During handling of the above exception, another exception occurred:

Traceback (most recent call last):
  File "C:\Users\YogeshwarRameshKumar\AppData\Local\Python\pythoncore-3.12-64\Lib\asyncio\runners.py", line 195, in run
    return runner.run(main)
           ^^^^^^^^^^^^^^^^
  File "C:\Users\YogeshwarRameshKumar\AppData\Local\Python\pythoncore-3.12-64\Lib\asyncio\runners.py", line 123, in run
    raise KeyboardInterrupt()
KeyboardInterrupt

During handling of the above exception, another exception occurred:

Traceback (most recent call last):
  File "E:\Cloud Destinations\Test Case Generation\.venv\Lib\site-packages\starlette\routing.py", line 699, in lifespan
    await receive()
  File "E:\Cloud Destinations\Test Case Generation\.venv\Lib\site-packages\uvicorn\lifespan\on.py", line 137, in receive
    return await self.receive_queue.get()
           ^^^^^^^^^^^^^^^^^^^^^^^^^^^^^^
  File "C:\Users\YogeshwarRameshKumar\AppData\Local\Python\pythoncore-3.12-64\Lib\asyncio\queues.py", line 158, in get
    await getter
asyncio.exceptions.CancelledError

INFO:     Started server process [26120]
INFO:     Waiting for application startup.
INFO:     Application startup complete.
WARNING:  WatchFiles detected changes in 'app\schemas\automation_schema.py'. Reloading...
INFO:     Shutting down
INFO:     Waiting for application shutdown.
INFO:     Application shutdown complete.
INFO:     Finished server process [26120]
WARNING:  WatchFiles detected changes in 'app\services\automation_service.py', 'app\api\v1\automation_router.py'. Reloading...
INFO:     Started server process [25656]
INFO:     Waiting for application startup.
INFO:     Application startup complete.
ERROR:    Traceback (most recent call last):
  File "C:\Users\YogeshwarRameshKumar\AppData\Local\Python\pythoncore-3.12-64\Lib\asyncio\runners.py", line 118, in run
    return self._loop.run_until_complete(task)
           ^^^^^^^^^^^^^^^^^^^^^^^^^^^^^^^^^^^
  File "C:\Users\YogeshwarRameshKumar\AppData\Local\Python\pythoncore-3.12-64\Lib\asyncio\base_events.py", line 691, in run_until_complete
    return future.result()
           ^^^^^^^^^^^^^^^
asyncio.exceptions.CancelledError

During handling of the above exception, another exception occurred:

Traceback (most recent call last):
  File "C:\Users\YogeshwarRameshKumar\AppData\Local\Python\pythoncore-3.12-64\Lib\asyncio\runners.py", line 195, in run
    return runner.run(main)
           ^^^^^^^^^^^^^^^^
  File "C:\Users\YogeshwarRameshKumar\AppData\Local\Python\pythoncore-3.12-64\Lib\asyncio\runners.py", line 123, in run
    raise KeyboardInterrupt()
KeyboardInterrupt

During handling of the above exception, another exception occurred:

Traceback (most recent call last):
  File "E:\Cloud Destinations\Test Case Generation\.venv\Lib\site-packages\starlette\routing.py", line 699, in lifespan
    await receive()
  File "E:\Cloud Destinations\Test Case Generation\.venv\Lib\site-packages\uvicorn\lifespan\on.py", line 137, in receive
    return await self.receive_queue.get()
           ^^^^^^^^^^^^^^^^^^^^^^^^^^^^^^
  File "C:\Users\YogeshwarRameshKumar\AppData\Local\Python\pythoncore-3.12-64\Lib\asyncio\queues.py", line 158, in get
    await getter
asyncio.exceptions.CancelledError

INFO:     Started server process [2340]
INFO:     Waiting for application startup.
INFO:     Application startup complete.
WARNING:  WatchFiles detected changes in 'tests\unit\test_automation_service.py'. Reloading...
INFO:     Shutting down
INFO:     Waiting for application shutdown.
INFO:     Application shutdown complete.
INFO:     Finished server process [2340]
INFO:     Started server process [27572]
INFO:     Waiting for application startup.
INFO:     Application startup complete.
